#-----------------------------------------------------------
# Vivado v2023.2 (64-bit)
# SW Build 4029153 on Fri Oct 13 20:14:34 MDT 2023
# IP Build 4028589 on Sat Oct 14 00:45:43 MDT 2023
# SharedData Build 4025554 on Tue Oct 10 17:18:54 MDT 2023
# Start of session at: Fri May  3 11:18:17 2024
# Process ID: 23204
# Current directory: C:/Users/danie/OneDrive/MSI_P65_Creator_8RE/Documentos/4_Carrera/TFG/Vivado2/HTDI20_V2/HTDI20_V2.runs/synth_1
# Command line: vivado.exe -log HTDI20.vds -product Vivado -mode batch -messageDb vivado.pb -notrace -source HTDI20.tcl
# Log file: C:/Users/danie/OneDrive/MSI_P65_Creator_8RE/Documentos/4_Carrera/TFG/Vivado2/HTDI20_V2/HTDI20_V2.runs/synth_1/HTDI20.vds
# Journal file: C:/Users/danie/OneDrive/MSI_P65_Creator_8RE/Documentos/4_Carrera/TFG/Vivado2/HTDI20_V2/HTDI20_V2.runs/synth_1\vivado.jou
# Running On: MSI, OS: Windows, CPU Frequency: 2208 MHz, CPU Physical cores: 6, Host memory: 17019 MB
#-----------------------------------------------------------
source HTDI20.tcl -notrace
